npm run lint:remark

> lint:remark
> remark --frail --config .remarkrc.mjs "docs/**/*.md"

.remarkrc.mjs
  1:1  error  Could not parse expression with acorn

docs/README.md
  1:1  error  TypeError: Cannot read properties of undefined (reading 'mdxJsxTagStack')
    at Object.enterMdxJsxTag (file:///home/fbarbu15/WORK_DIR/rfc-index/node_modules/mdast-util-mdx-jsx/lib/index.js:161:20)
    at compile (file:///home/fbarbu15/WORK_DIR/rfc-index/node_modules/remark-parse/node_modules/mdast-util-from-markdown/lib/index.js:352:40)
    at fromMarkdown (file:///home/fbarbu15/WORK_DIR/rfc-index/node_modules/remark-parse/node_modules/mdast-util-from-markdown/lib/index.js:187:29)
    at parser (file:///home/fbarbu15/WORK_DIR/rfc-index/node_modules/remark-parse/lib/index.js:18:12)
    at Function.parse (file:///home/fbarbu15/WORK_DIR/rfc-index/node_modules/remark/node_modules/unified/lib/index.js:273:12)
    at parse (file:///home/fbarbu15/WORK_DIR/rfc-index/node_modules/unified-args/node_modules/unified-engine/lib/file-pipeline/parse.js:50:36)
    at wrapped (file:///home/fbarbu15/WORK_DIR/rfc-index/node_modules/trough/lib/index.js:160:27)
    at next (file:///home/fbarbu15/WORK_DIR/rfc-index/node_modules/trough/lib/index.js:86:23)
    at done (file:///home/fbarbu15/WORK_DIR/rfc-index/node_modules/trough/lib/index.js:194:7)
    at file:///home/fbarbu15/WORK_DIR/rfc-index/node_modules/unified-args/node_modules/unified-engine/lib/file-pipeline/read.js:42:7

docs/SUMMARY.md
  1:1  error  Error: mdast-util-to-nlcst expected parser
    at toNlcst (file:///home/fbarbu15/WORK_DIR/rfc-index/node_modules/mdast-util-to-nlcst/index.js:66:11)
    at file:///home/fbarbu15/WORK_DIR/rfc-index/node_modules/remark-retext/lib/index.js:74:21
    at wrapped (file:///home/fbarbu15/WORK_DIR/rfc-index/node_modules/trough/lib/index.js:160:27)
    at next (file:///home/fbarbu15/WORK_DIR/rfc-index/node_modules/trough/lib/index.js:86:23)
    at Object.run (file:///home/fbarbu15/WORK_DIR/rfc-index/node_modules/trough/lib/index.js:57:5)
    at executor (file:///home/fbarbu15/WORK_DIR/rfc-index/node_modules/remark/node_modules/unified/lib/index.js:321:20)
    at Function.run (file:///home/fbarbu15/WORK_DIR/rfc-index/node_modules/remark/node_modules/unified/lib/index.js:312:5)
    at transform (file:///home/fbarbu15/WORK_DIR/rfc-index/node_modules/unified-args/node_modules/unified-engine/lib/file-pipeline/transform.js:25:23)
    at wrapped (file:///home/fbarbu15/WORK_DIR/rfc-index/node_modules/trough/lib/index.js:160:27)
    at next (file:///home/fbarbu15/WORK_DIR/rfc-index/node_modules/trough/lib/index.js:86:23)

docs/about.md
  1:1  error  Unexpected character `/` (U+002F) before local name, expected a character that can start a name, such as a letter, `$`, or `_` (note: to create a link in MDX, use `[text](url)`)

docs/archived/README.md
  1:1  error  Error: mdast-util-to-nlcst expected parser
    at toNlcst (file:///home/fbarbu15/WORK_DIR/rfc-index/node_modules/mdast-util-to-nlcst/index.js:66:11)
    at file:///home/fbarbu15/WORK_DIR/rfc-index/node_modules/remark-retext/lib/index.js:74:21
    at wrapped (file:///home/fbarbu15/WORK_DIR/rfc-index/node_modules/trough/lib/index.js:160:27)
    at next (file:///home/fbarbu15/WORK_DIR/rfc-index/node_modules/trough/lib/index.js:86:23)
    at Object.run (file:///home/fbarbu15/WORK_DIR/rfc-index/node_modules/trough/lib/index.js:57:5)
    at executor (file:///home/fbarbu15/WORK_DIR/rfc-index/node_modules/remark/node_modules/unified/lib/index.js:321:20)
    at Function.run (file:///home/fbarbu15/WORK_DIR/rfc-index/node_modules/remark/node_modules/unified/lib/index.js:312:5)
    at transform (file:///home/fbarbu15/WORK_DIR/rfc-index/node_modules/unified-args/node_modules/unified-engine/lib/file-pipeline/transform.js:25:23)
    at wrapped (file:///home/fbarbu15/WORK_DIR/rfc-index/node_modules/trough/lib/index.js:160:27)
    at next (file:///home/fbarbu15/WORK_DIR/rfc-index/node_modules/trough/lib/index.js:86:23)

docs/archived/status/24/curation.md
  1:1  error  Unexpected character `@` (U+0040) in member name, expected a name character such as letters, digits, `$`, or `_`; whitespace before attributes; or the end of the tag (note: to create a link in MDX, use `[text](url)`)

docs/archived/status/28/featuring.md
  1:1  error  Unexpected character `@` (U+0040) in member name, expected a name character such as letters, digits, `$`, or `_`; whitespace before attributes; or the end of the tag (note: to create a link in MDX, use `[text](url)`)

docs/archived/status/55/1to1-chat.md
  1:1  error  Unexpected character `!` (U+0021) before name, expected a character that can start a name, such as a letter, `$`, or `_` (note: to create a comment in MDX, use `{/* text */}`)

docs/archived/status/56/communities.md
  1:1  error  Unexpected character `!` (U+0021) before name, expected a character that can start a name, such as a letter, `$`, or `_` (note: to create a comment in MDX, use `{/* text */}`)

docs/archived/status/61/community-history-service.md
  1:1  error  Unexpected character `@` (U+0040) in name, expected a name character such as letters, digits, `$`, or `_`; whitespace before attributes; or the end of the tag (note: to create a link in MDX, use `[text](url)`)

docs/archived/status/62/payloads.md
  1:1  error  Unexpected character `!` (U+0021) before name, expected a character that can start a name, such as a letter, `$`, or `_` (note: to create a comment in MDX, use `{/* text */}`)

docs/archived/status/63/keycard-usage.md
  1:1  error  Unexpected character `!` (U+0021) before name, expected a character that can start a name, such as a letter, `$`, or `_` (note: to create a comment in MDX, use `{/* text */}`)

docs/archived/status/65/account-address.md
  1:1  error  Unexpected character `!` (U+0021) before name, expected a character that can start a name, such as a letter, `$`, or `_` (note: to create a comment in MDX, use `{/* text */}`)

docs/archived/status/71/push-notification-server.md
  1:1  error  Unexpected character `@` (U+0040) in name, expected a name character such as letters, digits, `$`, or `_`; whitespace before attributes; or the end of the tag (note: to create a link in MDX, use `[text](url)`)

docs/archived/status/README.md
  1:1  error  TypeError: Cannot read properties of undefined (reading 'mdxJsxTagStack')
    at Object.enterMdxJsxTag (file:///home/fbarbu15/WORK_DIR/rfc-index/node_modules/mdast-util-mdx-jsx/lib/index.js:161:20)
    at compile (file:///home/fbarbu15/WORK_DIR/rfc-index/node_modules/remark-parse/node_modules/mdast-util-from-markdown/lib/index.js:352:40)
    at fromMarkdown (file:///home/fbarbu15/WORK_DIR/rfc-index/node_modules/remark-parse/node_modules/mdast-util-from-markdown/lib/index.js:187:29)
    at parser (file:///home/fbarbu15/WORK_DIR/rfc-index/node_modules/remark-parse/lib/index.js:18:12)
    at Function.parse (file:///home/fbarbu15/WORK_DIR/rfc-index/node_modules/remark/node_modules/unified/lib/index.js:273:12)
    at parse (file:///home/fbarbu15/WORK_DIR/rfc-index/node_modules/unified-args/node_modules/unified-engine/lib/file-pipeline/parse.js:50:36)
    at wrapped (file:///home/fbarbu15/WORK_DIR/rfc-index/node_modules/trough/lib/index.js:160:27)
    at next (file:///home/fbarbu15/WORK_DIR/rfc-index/node_modules/trough/lib/index.js:86:23)
    at done (file:///home/fbarbu15/WORK_DIR/rfc-index/node_modules/trough/lib/index.js:194:7)
    at file:///home/fbarbu15/WORK_DIR/rfc-index/node_modules/unified-args/node_modules/unified-engine/lib/file-pipeline/read.js:42:7

docs/archived/status/deprecated/3rd-party.md
  1:1  error  Unexpected character `@` (U+0040) in name, expected a name character such as letters, digits, `$`, or `_`; whitespace before attributes; or the end of the tag (note: to create a link in MDX, use `[text](url)`)

docs/archived/status/deprecated/IPFS-gateway-for-sticker-Pack.md
  1:1  error  Could not parse expression with acorn

docs/archived/status/deprecated/README.md
  1:1  error  Error: mdast-util-to-nlcst expected parser
    at toNlcst (file:///home/fbarbu15/WORK_DIR/rfc-index/node_modules/mdast-util-to-nlcst/index.js:66:11)
    at file:///home/fbarbu15/WORK_DIR/rfc-index/node_modules/remark-retext/lib/index.js:74:21
    at wrapped (file:///home/fbarbu15/WORK_DIR/rfc-index/node_modules/trough/lib/index.js:160:27)
    at next (file:///home/fbarbu15/WORK_DIR/rfc-index/node_modules/trough/lib/index.js:86:23)
    at Object.run (file:///home/fbarbu15/WORK_DIR/rfc-index/node_modules/trough/lib/index.js:57:5)
    at executor (file:///home/fbarbu15/WORK_DIR/rfc-index/node_modules/remark/node_modules/unified/lib/index.js:321:20)
    at Function.run (file:///home/fbarbu15/WORK_DIR/rfc-index/node_modules/remark/node_modules/unified/lib/index.js:312:5)
    at transform (file:///home/fbarbu15/WORK_DIR/rfc-index/node_modules/unified-args/node_modules/unified-engine/lib/file-pipeline/transform.js:25:23)
    at wrapped (file:///home/fbarbu15/WORK_DIR/rfc-index/node_modules/trough/lib/index.js:160:27)
    at next (file:///home/fbarbu15/WORK_DIR/rfc-index/node_modules/trough/lib/index.js:86:23)

docs/archived/status/deprecated/account.md
  1:1  error  Unexpected character `!` (U+0021) before name, expected a character that can start a name, such as a letter, `$`, or `_` (note: to create a comment in MDX, use `{/* text */}`)

docs/archived/status/deprecated/client.md
  1:1  error  Unexpected character `/` (U+002F) before local name, expected a character that can start a name, such as a letter, `$`, or `_` (note: to create a link in MDX, use `[text](url)`)

docs/archived/status/deprecated/dapp-browser-API-usage.md
  1:1  error  Unexpected character `@` (U+0040) in name, expected a name character such as letters, digits, `$`, or `_`; whitespace before attributes; or the end of the tag (note: to create a link in MDX, use `[text](url)`)

docs/archived/status/deprecated/eips.md
  1:1  error  Unexpected character `@` (U+0040) in name, expected a name character such as letters, digits, `$`, or `_`; whitespace before attributes; or the end of the tag (note: to create a link in MDX, use `[text](url)`)

docs/archived/status/deprecated/ethereum-usage.md
  1:1  error  Unexpected character `@` (U+0040) in name, expected a name character such as letters, digits, `$`, or `_`; whitespace before attributes; or the end of the tag (note: to create a link in MDX, use `[text](url)`)

docs/archived/status/deprecated/group-chat.md
  1:1  error  Unexpected character `@` (U+0040) in name, expected a name character such as letters, digits, `$`, or `_`; whitespace before attributes; or the end of the tag (note: to create a link in MDX, use `[text](url)`)

docs/archived/status/deprecated/keycard-usage-for-wallet-and-chat-keys.md
  1:1  error  Unexpected character `@` (U+0040) in name, expected a name character such as letters, digits, `$`, or `_`; whitespace before attributes; or the end of the tag (note: to create a link in MDX, use `[text](url)`)

docs/archived/status/deprecated/notifications.md
  1:1  error  Unexpected character `@` (U+0040) in name, expected a name character such as letters, digits, `$`, or `_`; whitespace before attributes; or the end of the tag (note: to create a link in MDX, use `[text](url)`)

docs/archived/status/deprecated/payloads.md
  1:1  error  Unexpected character `!` (U+0021) before name, expected a character that can start a name, such as a letter, `$`, or `_` (note: to create a comment in MDX, use `{/* text */}`)

docs/archived/status/deprecated/push-notification-server.md
  1:1  error  Unexpected character `@` (U+0040) in name, expected a name character such as letters, digits, `$`, or `_`; whitespace before attributes; or the end of the tag (note: to create a link in MDX, use `[text](url)`)

docs/archived/status/deprecated/secure-transport.md
  1:1  error  Unexpected character `!` (U+0021) before name, expected a character that can start a name, such as a letter, `$`, or `_` (note: to create a comment in MDX, use `{/* text */}`)

docs/archived/status/deprecated/waku-mailserver.md
  1:1  error  Unexpected character `@` (U+0040) in name, expected a name character such as letters, digits, `$`, or `_`; whitespace before attributes; or the end of the tag (note: to create a link in MDX, use `[text](url)`)

docs/archived/status/deprecated/waku-usage.md
  1:1  error  Unexpected character `!` (U+0021) before name, expected a character that can start a name, such as a letter, `$`, or `_` (note: to create a comment in MDX, use `{/* text */}`)

docs/archived/status/deprecated/whisper-mailserver.md
  1:1  error  Unexpected character `@` (U+0040) in name, expected a name character such as letters, digits, `$`, or `_`; whitespace before attributes; or the end of the tag (note: to create a link in MDX, use `[text](url)`)

docs/archived/status/deprecated/whisper-usage.md
  1:1  error  Unexpected character `!` (U+0021) before name, expected a character that can start a name, such as a letter, `$`, or `_` (note: to create a comment in MDX, use `{/* text */}`)

docs/archived/status/raw/README.md
  1:1  error  Error: mdast-util-to-nlcst expected parser
    at toNlcst (file:///home/fbarbu15/WORK_DIR/rfc-index/node_modules/mdast-util-to-nlcst/index.js:66:11)
    at file:///home/fbarbu15/WORK_DIR/rfc-index/node_modules/remark-retext/lib/index.js:74:21
    at wrapped (file:///home/fbarbu15/WORK_DIR/rfc-index/node_modules/trough/lib/index.js:160:27)
    at next (file:///home/fbarbu15/WORK_DIR/rfc-index/node_modules/trough/lib/index.js:86:23)
    at Object.run (file:///home/fbarbu15/WORK_DIR/rfc-index/node_modules/trough/lib/index.js:57:5)
    at executor (file:///home/fbarbu15/WORK_DIR/rfc-index/node_modules/remark/node_modules/unified/lib/index.js:321:20)
    at Function.run (file:///home/fbarbu15/WORK_DIR/rfc-index/node_modules/remark/node_modules/unified/lib/index.js:312:5)
    at transform (file:///home/fbarbu15/WORK_DIR/rfc-index/node_modules/unified-args/node_modules/unified-engine/lib/file-pipeline/transform.js:25:23)
    at wrapped (file:///home/fbarbu15/WORK_DIR/rfc-index/node_modules/trough/lib/index.js:160:27)
    at next (file:///home/fbarbu15/WORK_DIR/rfc-index/node_modules/trough/lib/index.js:86:23)

docs/archived/status/raw/simple-scaling.md
  1:1  error  Unexpected character `@` (U+0040) in name, expected a name character such as letters, digits, `$`, or `_`; whitespace before attributes; or the end of the tag (note: to create a link in MDX, use `[text](url)`)

docs/archived/status/raw/status-app-protocols.md
  1:1  error  Unexpected character `!` (U+0021) before name, expected a character that can start a name, such as a letter, `$`, or `_` (note: to create a comment in MDX, use `{/* text */}`)

docs/archived/status/raw/status-mvds.md
  1:1  error  Unexpected character `@` (U+0040) in name, expected a name character such as letters, digits, `$`, or `_`; whitespace before attributes; or the end of the tag (note: to create a link in MDX, use `[text](url)`)

docs/archived/status/raw/url-data.md
  1:1  error  Unexpected character `!` (U+0021) before name, expected a character that can start a name, such as a letter, `$`, or `_` (note: to create a comment in MDX, use `{/* text */}`)

docs/archived/status/raw/url-scheme.md
  1:1  error  Unexpected character `!` (U+0021) before name, expected a character that can start a name, such as a letter, `$`, or `_` (note: to create a comment in MDX, use `{/* text */}`)

docs/blockchain/README.md
  1:1  error  TypeError: Cannot read properties of undefined (reading 'mdxJsxTagStack')
    at Object.enterMdxJsxTag (file:///home/fbarbu15/WORK_DIR/rfc-index/node_modules/mdast-util-mdx-jsx/lib/index.js:161:20)
    at compile (file:///home/fbarbu15/WORK_DIR/rfc-index/node_modules/remark-parse/node_modules/mdast-util-from-markdown/lib/index.js:352:40)
    at fromMarkdown (file:///home/fbarbu15/WORK_DIR/rfc-index/node_modules/remark-parse/node_modules/mdast-util-from-markdown/lib/index.js:187:29)
    at parser (file:///home/fbarbu15/WORK_DIR/rfc-index/node_modules/remark-parse/lib/index.js:18:12)
    at Function.parse (file:///home/fbarbu15/WORK_DIR/rfc-index/node_modules/remark/node_modules/unified/lib/index.js:273:12)
    at parse (file:///home/fbarbu15/WORK_DIR/rfc-index/node_modules/unified-args/node_modules/unified-engine/lib/file-pipeline/parse.js:50:36)
    at wrapped (file:///home/fbarbu15/WORK_DIR/rfc-index/node_modules/trough/lib/index.js:160:27)
    at next (file:///home/fbarbu15/WORK_DIR/rfc-index/node_modules/trough/lib/index.js:86:23)
    at done (file:///home/fbarbu15/WORK_DIR/rfc-index/node_modules/trough/lib/index.js:194:7)
    at file:///home/fbarbu15/WORK_DIR/rfc-index/node_modules/unified-args/node_modules/unified-engine/lib/file-pipeline/read.js:42:7

docs/blockchain/deprecated/README.md
  1:1  error  Error: mdast-util-to-nlcst expected parser
    at toNlcst (file:///home/fbarbu15/WORK_DIR/rfc-index/node_modules/mdast-util-to-nlcst/index.js:66:11)
    at file:///home/fbarbu15/WORK_DIR/rfc-index/node_modules/remark-retext/lib/index.js:74:21
    at wrapped (file:///home/fbarbu15/WORK_DIR/rfc-index/node_modules/trough/lib/index.js:160:27)
    at next (file:///home/fbarbu15/WORK_DIR/rfc-index/node_modules/trough/lib/index.js:86:23)
    at Object.run (file:///home/fbarbu15/WORK_DIR/rfc-index/node_modules/trough/lib/index.js:57:5)
    at executor (file:///home/fbarbu15/WORK_DIR/rfc-index/node_modules/remark/node_modules/unified/lib/index.js:321:20)
    at Function.run (file:///home/fbarbu15/WORK_DIR/rfc-index/node_modules/remark/node_modules/unified/lib/index.js:312:5)
    at transform (file:///home/fbarbu15/WORK_DIR/rfc-index/node_modules/unified-args/node_modules/unified-engine/lib/file-pipeline/transform.js:25:23)
    at wrapped (file:///home/fbarbu15/WORK_DIR/rfc-index/node_modules/trough/lib/index.js:160:27)
    at next (file:///home/fbarbu15/WORK_DIR/rfc-index/node_modules/trough/lib/index.js:86:23)

docs/blockchain/deprecated/claro.md
  1:1  error  Unexpected character `!` (U+0021) before name, expected a character that can start a name, such as a letter, `$`, or `_` (note: to create a comment in MDX, use `{/* text */}`)

docs/blockchain/raw/README.md
  1:1  error  Error: mdast-util-to-nlcst expected parser
    at toNlcst (file:///home/fbarbu15/WORK_DIR/rfc-index/node_modules/mdast-util-to-nlcst/index.js:66:11)
    at file:///home/fbarbu15/WORK_DIR/rfc-index/node_modules/remark-retext/lib/index.js:74:21
    at wrapped (file:///home/fbarbu15/WORK_DIR/rfc-index/node_modules/trough/lib/index.js:160:27)
    at next (file:///home/fbarbu15/WORK_DIR/rfc-index/node_modules/trough/lib/index.js:86:23)
    at Object.run (file:///home/fbarbu15/WORK_DIR/rfc-index/node_modules/trough/lib/index.js:57:5)
    at executor (file:///home/fbarbu15/WORK_DIR/rfc-index/node_modules/remark/node_modules/unified/lib/index.js:321:20)
    at Function.run (file:///home/fbarbu15/WORK_DIR/rfc-index/node_modules/remark/node_modules/unified/lib/index.js:312:5)
    at transform (file:///home/fbarbu15/WORK_DIR/rfc-index/node_modules/unified-args/node_modules/unified-engine/lib/file-pipeline/transform.js:25:23)
    at wrapped (file:///home/fbarbu15/WORK_DIR/rfc-index/node_modules/trough/lib/index.js:160:27)
    at next (file:///home/fbarbu15/WORK_DIR/rfc-index/node_modules/trough/lib/index.js:86:23)

docs/blockchain/raw/bedrock-anonymous-leaders-reward.md
  1:1  error  Unexpected character `!` (U+0021) before name, expected a character that can start a name, such as a letter, `$`, or `_` (note: to create a comment in MDX, use `{/* text */}`)

docs/blockchain/raw/bedrock-genesis-block.md
  1:1  error  Unexpected character `@` (U+0040) in name, expected a name character such as letters, digits, `$`, or `_`; whitespace before attributes; or the end of the tag (note: to create a link in MDX, use `[text](url)`)

docs/blockchain/raw/bedrock-service-declaration-protocol.md
  1:1  error  Unexpected character `!` (U+0021) before name, expected a character that can start a name, such as a letter, `$`, or `_` (note: to create a comment in MDX, use `{/* text */}`)

docs/blockchain/raw/bedrock-service-reward-distribution.md
  1:1  error  Unexpected character `@` (U+0040) in name, expected a name character such as letters, digits, `$`, or `_`; whitespace before attributes; or the end of the tag (note: to create a link in MDX, use `[text](url)`)

docs/blockchain/raw/bedrock-v1.1-block-construction.md
  1:1  error  Unexpected character `@` (U+0040) in name, expected a name character such as letters, digits, `$`, or `_`; whitespace before attributes; or the end of the tag (note: to create a link in MDX, use `[text](url)`)

docs/blockchain/raw/bedrock-v1.1-mantle-specification.md
  1:1  error  Unexpected character `@` (U+0040) in name, expected a name character such as letters, digits, `$`, or `_`; whitespace before attributes; or the end of the tag (note: to create a link in MDX, use `[text](url)`)

docs/blockchain/raw/cryptarchia-proof-of-leadership.md
  1:1  error  Unexpected character `@` (U+0040) in name, expected a name character such as letters, digits, `$`, or `_`; whitespace before attributes; or the end of the tag (note: to create a link in MDX, use `[text](url)`)

docs/blockchain/raw/cryptarchia-total-stake-inference.md
  1:1  error  Unexpected character `@` (U+0040) in name, expected a name character such as letters, digits, `$`, or `_`; whitespace before attributes; or the end of the tag (note: to create a link in MDX, use `[text](url)`)

docs/blockchain/raw/cryptarchia-v1-bootstr-sync.md
  1:1  error  Unexpected character `@` (U+0040) in name, expected a name character such as letters, digits, `$`, or `_`; whitespace before attributes; or the end of the tag (note: to create a link in MDX, use `[text](url)`)

docs/blockchain/raw/nomos-blend-protocol.md
  1:1  error  Unexpected character `@` (U+0040) in member name, expected a name character such as letters, digits, `$`, or `_`; whitespace before attributes; or the end of the tag (note: to create a link in MDX, use `[text](url)`)

docs/blockchain/raw/nomos-cryptarchia-v1-protocol.md
  1:1  error  Unexpected character `@` (U+0040) in name, expected a name character such as letters, digits, `$`, or `_`; whitespace before attributes; or the end of the tag (note: to create a link in MDX, use `[text](url)`)

docs/blockchain/raw/nomos-key-types-and-generation.md
  1:1  error  Unexpected character `@` (U+0040) in name, expected a name character such as letters, digits, `$`, or `_`; whitespace before attributes; or the end of the tag (note: to create a link in MDX, use `[text](url)`)

docs/blockchain/raw/nomos-message-encapsulation.md
  1:1  error  Unexpected character `@` (U+0040) in name, expected a name character such as letters, digits, `$`, or `_`; whitespace before attributes; or the end of the tag (note: to create a link in MDX, use `[text](url)`)

docs/blockchain/raw/nomos-message-formatting.md
  1:1  error  Unexpected character `@` (U+0040) in name, expected a name character such as letters, digits, `$`, or `_`; whitespace before attributes; or the end of the tag (note: to create a link in MDX, use `[text](url)`)

docs/blockchain/raw/nomos-payload-formatting.md
  1:1  error  Unexpected character `@` (U+0040) in name, expected a name character such as letters, digits, `$`, or `_`; whitespace before attributes; or the end of the tag (note: to create a link in MDX, use `[text](url)`)

docs/blockchain/raw/nomos-proof-of-quota.md
  1:1  error  Unexpected character `@` (U+0040) in name, expected a name character such as letters, digits, `$`, or `_`; whitespace before attributes; or the end of the tag (note: to create a link in MDX, use `[text](url)`)

docs/blockchain/raw/nomosda-encoding.md
  1:1  error  Unexpected character `@` (U+0040) in name, expected a name character such as letters, digits, `$`, or `_`; whitespace before attributes; or the end of the tag (note: to create a link in MDX, use `[text](url)`)

docs/blockchain/raw/nomosda-network.md
  1:1  error  Unexpected character `@` (U+0040) in name, expected a name character such as letters, digits, `$`, or `_`; whitespace before attributes; or the end of the tag (note: to create a link in MDX, use `[text](url)`)

docs/blockchain/raw/p2p-hardware-requirements.md
  1:1  error  Unexpected character `@` (U+0040) in name, expected a name character such as letters, digits, `$`, or `_`; whitespace before attributes; or the end of the tag (note: to create a link in MDX, use `[text](url)`)

docs/blockchain/raw/p2p-nat-solution.md
  1:1  error  Unexpected character `@` (U+0040) in name, expected a name character such as letters, digits, `$`, or `_`; whitespace before attributes; or the end of the tag (note: to create a link in MDX, use `[text](url)`)

docs/blockchain/raw/p2p-network-bootstrapping.md
  1:1  error  Unexpected character `@` (U+0040) in name, expected a name character such as letters, digits, `$`, or `_`; whitespace before attributes; or the end of the tag (note: to create a link in MDX, use `[text](url)`)

docs/blockchain/raw/p2p-network.md
  1:1  error  Unexpected character `@` (U+0040) in name, expected a name character such as letters, digits, `$`, or `_`; whitespace before attributes; or the end of the tag (note: to create a link in MDX, use `[text](url)`)

docs/ift-ts/README.md
  1:1  error  TypeError: Cannot read properties of undefined (reading 'mdxJsxTagStack')
    at Object.enterMdxJsxTag (file:///home/fbarbu15/WORK_DIR/rfc-index/node_modules/mdast-util-mdx-jsx/lib/index.js:161:20)
    at compile (file:///home/fbarbu15/WORK_DIR/rfc-index/node_modules/remark-parse/node_modules/mdast-util-from-markdown/lib/index.js:352:40)
    at fromMarkdown (file:///home/fbarbu15/WORK_DIR/rfc-index/node_modules/remark-parse/node_modules/mdast-util-from-markdown/lib/index.js:187:29)
    at parser (file:///home/fbarbu15/WORK_DIR/rfc-index/node_modules/remark-parse/lib/index.js:18:12)
    at Function.parse (file:///home/fbarbu15/WORK_DIR/rfc-index/node_modules/remark/node_modules/unified/lib/index.js:273:12)
    at parse (file:///home/fbarbu15/WORK_DIR/rfc-index/node_modules/unified-args/node_modules/unified-engine/lib/file-pipeline/parse.js:50:36)
    at wrapped (file:///home/fbarbu15/WORK_DIR/rfc-index/node_modules/trough/lib/index.js:160:27)
    at next (file:///home/fbarbu15/WORK_DIR/rfc-index/node_modules/trough/lib/index.js:86:23)
    at done (file:///home/fbarbu15/WORK_DIR/rfc-index/node_modules/trough/lib/index.js:194:7)
    at file:///home/fbarbu15/WORK_DIR/rfc-index/node_modules/unified-args/node_modules/unified-engine/lib/file-pipeline/read.js:42:7

docs/ift-ts/raw/1/coss.md
  1:1  error  Unexpected character `@` (U+0040) in name, expected a name character such as letters, digits, `$`, or `_`; whitespace before attributes; or the end of the tag (note: to create a link in MDX, use `[text](url)`)

docs/ift-ts/raw/2/mvds.md
  1:1  error  Unexpected character `!` (U+0021) before name, expected a character that can start a name, such as a letter, `$`, or `_` (note: to create a comment in MDX, use `{/* text */}`)

docs/ift-ts/raw/25/libp2p-dns-discovery.md
  1:1  error  Unexpected character `@` (U+0040) in name, expected a name character such as letters, digits, `$`, or `_`; whitespace before attributes; or the end of the tag (note: to create a link in MDX, use `[text](url)`)

docs/ift-ts/raw/3/remote-log.md
  1:1  error  Unexpected character `!` (U+0021) before name, expected a character that can start a name, such as a letter, `$`, or `_` (note: to create a comment in MDX, use `{/* text */}`)

docs/ift-ts/raw/32/rln-v1.md
  1:1  error  Unexpected character `@` (U+0040) in name, expected a name character such as letters, digits, `$`, or `_`; whitespace before attributes; or the end of the tag (note: to create a link in MDX, use `[text](url)`)

docs/ift-ts/raw/4/mvds-meta.md
  1:1  error  Unexpected character `@` (U+0040) in name, expected a name character such as letters, digits, `$`, or `_`; whitespace before attributes; or the end of the tag (note: to create a link in MDX, use `[text](url)`)

docs/ift-ts/raw/README.md
  1:1  error  Error: mdast-util-to-nlcst expected parser
    at toNlcst (file:///home/fbarbu15/WORK_DIR/rfc-index/node_modules/mdast-util-to-nlcst/index.js:66:11)
    at file:///home/fbarbu15/WORK_DIR/rfc-index/node_modules/remark-retext/lib/index.js:74:21
    at wrapped (file:///home/fbarbu15/WORK_DIR/rfc-index/node_modules/trough/lib/index.js:160:27)
    at next (file:///home/fbarbu15/WORK_DIR/rfc-index/node_modules/trough/lib/index.js:86:23)
    at Object.run (file:///home/fbarbu15/WORK_DIR/rfc-index/node_modules/trough/lib/index.js:57:5)
    at executor (file:///home/fbarbu15/WORK_DIR/rfc-index/node_modules/remark/node_modules/unified/lib/index.js:321:20)
    at Function.run (file:///home/fbarbu15/WORK_DIR/rfc-index/node_modules/remark/node_modules/unified/lib/index.js:312:5)
    at transform (file:///home/fbarbu15/WORK_DIR/rfc-index/node_modules/unified-args/node_modules/unified-engine/lib/file-pipeline/transform.js:25:23)
    at wrapped (file:///home/fbarbu15/WORK_DIR/rfc-index/node_modules/trough/lib/index.js:160:27)
    at next (file:///home/fbarbu15/WORK_DIR/rfc-index/node_modules/trough/lib/index.js:86:23)

docs/ift-ts/raw/consensus-hashgraphlike.md
  1:1  error  TypeError: Cannot set properties of undefined (setting 'inTable')
    at Object.enterTable (file:///home/fbarbu15/WORK_DIR/rfc-index/node_modules/@1stg/remark-preset/node_modules/mdast-util-gfm-table/lib/index.js:78:21)
    at compile (file:///home/fbarbu15/WORK_DIR/rfc-index/node_modules/remark-parse/node_modules/mdast-util-from-markdown/lib/index.js:352:40)
    at fromMarkdown (file:///home/fbarbu15/WORK_DIR/rfc-index/node_modules/remark-parse/node_modules/mdast-util-from-markdown/lib/index.js:187:29)
    at parser (file:///home/fbarbu15/WORK_DIR/rfc-index/node_modules/remark-parse/lib/index.js:18:12)
    at Function.parse (file:///home/fbarbu15/WORK_DIR/rfc-index/node_modules/remark/node_modules/unified/lib/index.js:273:12)
    at parse (file:///home/fbarbu15/WORK_DIR/rfc-index/node_modules/unified-args/node_modules/unified-engine/lib/file-pipeline/parse.js:50:36)
    at wrapped (file:///home/fbarbu15/WORK_DIR/rfc-index/node_modules/trough/lib/index.js:160:27)
    at next (file:///home/fbarbu15/WORK_DIR/rfc-index/node_modules/trough/lib/index.js:86:23)
    at done (file:///home/fbarbu15/WORK_DIR/rfc-index/node_modules/trough/lib/index.js:194:7)
    at file:///home/fbarbu15/WORK_DIR/rfc-index/node_modules/unified-args/node_modules/unified-engine/lib/file-pipeline/read.js:42:7

docs/ift-ts/raw/decentralized-messaging-ethereum.md
  1:1  error  Unexpected character `@` (U+0040) in name, expected a name character such as letters, digits, `$`, or `_`; whitespace before attributes; or the end of the tag (note: to create a link in MDX, use `[text](url)`)

docs/ift-ts/raw/deleted/eth-secpm.md
  1:1  error  Unexpected character `@` (U+0040) in name, expected a name character such as letters, digits, `$`, or `_`; whitespace before attributes; or the end of the tag (note: to create a link in MDX, use `[text](url)`)

docs/ift-ts/raw/eth-mls-offchain.md
  1:1  error  TypeError: Cannot set properties of undefined (setting 'inTable')
    at Object.enterTable (file:///home/fbarbu15/WORK_DIR/rfc-index/node_modules/@1stg/remark-preset/node_modules/mdast-util-gfm-table/lib/index.js:78:21)
    at compile (file:///home/fbarbu15/WORK_DIR/rfc-index/node_modules/remark-parse/node_modules/mdast-util-from-markdown/lib/index.js:352:40)
    at fromMarkdown (file:///home/fbarbu15/WORK_DIR/rfc-index/node_modules/remark-parse/node_modules/mdast-util-from-markdown/lib/index.js:187:29)
    at parser (file:///home/fbarbu15/WORK_DIR/rfc-index/node_modules/remark-parse/lib/index.js:18:12)
    at Function.parse (file:///home/fbarbu15/WORK_DIR/rfc-index/node_modules/remark/node_modules/unified/lib/index.js:273:12)
    at parse (file:///home/fbarbu15/WORK_DIR/rfc-index/node_modules/unified-args/node_modules/unified-engine/lib/file-pipeline/parse.js:50:36)
    at wrapped (file:///home/fbarbu15/WORK_DIR/rfc-index/node_modules/trough/lib/index.js:160:27)
    at next (file:///home/fbarbu15/WORK_DIR/rfc-index/node_modules/trough/lib/index.js:86:23)
    at done (file:///home/fbarbu15/WORK_DIR/rfc-index/node_modules/trough/lib/index.js:194:7)
    at file:///home/fbarbu15/WORK_DIR/rfc-index/node_modules/unified-args/node_modules/unified-engine/lib/file-pipeline/read.js:42:7

docs/ift-ts/raw/eth-mls-onchain.md
  1:1  error  Unexpected character `@` (U+0040) in name, expected a name character such as letters, digits, `$`, or `_`; whitespace before attributes; or the end of the tag (note: to create a link in MDX, use `[text](url)`)

docs/ift-ts/raw/extensible-peer-records.md
  1:1  error  Unexpected character `@` (U+0040) in name, expected a name character such as letters, digits, `$`, or `_`; whitespace before attributes; or the end of the tag (note: to create a link in MDX, use `[text](url)`)

docs/ift-ts/raw/gossipsub-tor-push.md
  1:1  error  Unexpected character `@` (U+0040) in name, expected a name character such as letters, digits, `$`, or `_`; whitespace before attributes; or the end of the tag (note: to create a link in MDX, use `[text](url)`)

docs/ift-ts/raw/logos-capability-discovery.md
  1:1  error  TypeError: Cannot set properties of undefined (setting 'inTable')
    at Object.enterTable (file:///home/fbarbu15/WORK_DIR/rfc-index/node_modules/@1stg/remark-preset/node_modules/mdast-util-gfm-table/lib/index.js:78:21)
    at compile (file:///home/fbarbu15/WORK_DIR/rfc-index/node_modules/remark-parse/node_modules/mdast-util-from-markdown/lib/index.js:352:40)
    at fromMarkdown (file:///home/fbarbu15/WORK_DIR/rfc-index/node_modules/remark-parse/node_modules/mdast-util-from-markdown/lib/index.js:187:29)
    at parser (file:///home/fbarbu15/WORK_DIR/rfc-index/node_modules/remark-parse/lib/index.js:18:12)
    at Function.parse (file:///home/fbarbu15/WORK_DIR/rfc-index/node_modules/remark/node_modules/unified/lib/index.js:273:12)
    at parse (file:///home/fbarbu15/WORK_DIR/rfc-index/node_modules/unified-args/node_modules/unified-engine/lib/file-pipeline/parse.js:50:36)
    at wrapped (file:///home/fbarbu15/WORK_DIR/rfc-index/node_modules/trough/lib/index.js:160:27)
    at next (file:///home/fbarbu15/WORK_DIR/rfc-index/node_modules/trough/lib/index.js:86:23)
    at done (file:///home/fbarbu15/WORK_DIR/rfc-index/node_modules/trough/lib/index.js:194:7)
    at file:///home/fbarbu15/WORK_DIR/rfc-index/node_modules/unified-args/node_modules/unified-engine/lib/file-pipeline/read.js:42:7

docs/ift-ts/raw/mix.md
  1:1  error  Unexpected character `@` (U+0040) in name, expected a name character such as letters, digits, `$`, or `_`; whitespace before attributes; or the end of the tag (note: to create a link in MDX, use `[text](url)`)

docs/ift-ts/raw/noise-x3dh-double-ratchet.md
  1:1  error  Unexpected character `@` (U+0040) in name, expected a name character such as letters, digits, `$`, or `_`; whitespace before attributes; or the end of the tag (note: to create a link in MDX, use `[text](url)`)

docs/ift-ts/raw/rln-interep-spec.md
  1:1  error  Unexpected character `@` (U+0040) in name, expected a name character such as letters, digits, `$`, or `_`; whitespace before attributes; or the end of the tag (note: to create a link in MDX, use `[text](url)`)

docs/ift-ts/raw/rln-stealth-commitments.md
  1:1  error  Unexpected character `@` (U+0040) in name, expected a name character such as letters, digits, `$`, or `_`; whitespace before attributes; or the end of the tag (note: to create a link in MDX, use `[text](url)`)

docs/ift-ts/raw/rln-v2.md
  1:1  error  Unexpected character `@` (U+0040) in name, expected a name character such as letters, digits, `$`, or `_`; whitespace before attributes; or the end of the tag (note: to create a link in MDX, use `[text](url)`)

docs/ift-ts/raw/sds.md
  1:1  error  Unexpected character `@` (U+0040) in name, expected a name character such as letters, digits, `$`, or `_`; whitespace before attributes; or the end of the tag (note: to create a link in MDX, use `[text](url)`)

docs/ift-ts/template.md
  1:1  error  Unexpected character `@` (U+0040) in name, expected a name character such as letters, digits, `$`, or `_`; whitespace before attributes; or the end of the tag (note: to create a link in MDX, use `[text](url)`)

docs/messaging/README.md
  1:1  error  TypeError: Cannot read properties of undefined (reading 'mdxJsxTagStack')
    at Object.enterMdxJsxTag (file:///home/fbarbu15/WORK_DIR/rfc-index/node_modules/mdast-util-mdx-jsx/lib/index.js:161:20)
    at compile (file:///home/fbarbu15/WORK_DIR/rfc-index/node_modules/remark-parse/node_modules/mdast-util-from-markdown/lib/index.js:352:40)
    at fromMarkdown (file:///home/fbarbu15/WORK_DIR/rfc-index/node_modules/remark-parse/node_modules/mdast-util-from-markdown/lib/index.js:187:29)
    at parser (file:///home/fbarbu15/WORK_DIR/rfc-index/node_modules/remark-parse/lib/index.js:18:12)
    at Function.parse (file:///home/fbarbu15/WORK_DIR/rfc-index/node_modules/remark/node_modules/unified/lib/index.js:273:12)
    at parse (file:///home/fbarbu15/WORK_DIR/rfc-index/node_modules/unified-args/node_modules/unified-engine/lib/file-pipeline/parse.js:50:36)
    at wrapped (file:///home/fbarbu15/WORK_DIR/rfc-index/node_modules/trough/lib/index.js:160:27)
    at next (file:///home/fbarbu15/WORK_DIR/rfc-index/node_modules/trough/lib/index.js:86:23)
    at done (file:///home/fbarbu15/WORK_DIR/rfc-index/node_modules/trough/lib/index.js:194:7)
    at file:///home/fbarbu15/WORK_DIR/rfc-index/node_modules/unified-args/node_modules/unified-engine/lib/file-pipeline/read.js:42:7

docs/messaging/deprecated/16/rpc.md
  1:1  error  Unexpected character `@` (U+0040) in name, expected a name character such as letters, digits, `$`, or `_`; whitespace before attributes; or the end of the tag (note: to create a link in MDX, use `[text](url)`)

docs/messaging/deprecated/18/swap.md
  1:1  error  Unexpected character `!` (U+0021) before name, expected a character that can start a name, such as a letter, `$`, or `_` (note: to create a comment in MDX, use `{/* text */}`)

docs/messaging/deprecated/5/waku0.md
  1:1  error  Unexpected character `@` (U+0040) in name, expected a name character such as letters, digits, `$`, or `_`; whitespace before attributes; or the end of the tag (note: to create a link in MDX, use `[text](url)`)

docs/messaging/deprecated/README.md
  1:1  error  Error: mdast-util-to-nlcst expected parser
    at toNlcst (file:///home/fbarbu15/WORK_DIR/rfc-index/node_modules/mdast-util-to-nlcst/index.js:66:11)
    at file:///home/fbarbu15/WORK_DIR/rfc-index/node_modules/remark-retext/lib/index.js:74:21
    at wrapped (file:///home/fbarbu15/WORK_DIR/rfc-index/node_modules/trough/lib/index.js:160:27)
    at next (file:///home/fbarbu15/WORK_DIR/rfc-index/node_modules/trough/lib/index.js:86:23)
    at Object.run (file:///home/fbarbu15/WORK_DIR/rfc-index/node_modules/trough/lib/index.js:57:5)
    at executor (file:///home/fbarbu15/WORK_DIR/rfc-index/node_modules/remark/node_modules/unified/lib/index.js:321:20)
    at Function.run (file:///home/fbarbu15/WORK_DIR/rfc-index/node_modules/remark/node_modules/unified/lib/index.js:312:5)
    at transform (file:///home/fbarbu15/WORK_DIR/rfc-index/node_modules/unified-args/node_modules/unified-engine/lib/file-pipeline/transform.js:25:23)
    at wrapped (file:///home/fbarbu15/WORK_DIR/rfc-index/node_modules/trough/lib/index.js:160:27)
    at next (file:///home/fbarbu15/WORK_DIR/rfc-index/node_modules/trough/lib/index.js:86:23)

docs/messaging/deprecated/fault-tolerant-store.md
  1:1  error  Unexpected character `@` (U+0040) in name, expected a name character such as letters, digits, `$`, or `_`; whitespace before attributes; or the end of the tag (note: to create a link in MDX, use `[text](url)`)

docs/messaging/informational/22/toy-chat.md
  1:1  error  Unexpected character `@` (U+0040) in name, expected a name character such as letters, digits, `$`, or `_`; whitespace before attributes; or the end of the tag (note: to create a link in MDX, use `[text](url)`)

docs/messaging/informational/23/topics.md
  1:1  error  Unexpected character `@` (U+0040) in name, expected a name character such as letters, digits, `$`, or `_`; whitespace before attributes; or the end of the tag (note: to create a link in MDX, use `[text](url)`)

docs/messaging/informational/27/peers.md
  1:1  error  Unexpected character `@` (U+0040) in name, expected a name character such as letters, digits, `$`, or `_`; whitespace before attributes; or the end of the tag (note: to create a link in MDX, use `[text](url)`)

docs/messaging/informational/29/config.md
  1:1  error  Unexpected character `@` (U+0040) in name, expected a name character such as letters, digits, `$`, or `_`; whitespace before attributes; or the end of the tag (note: to create a link in MDX, use `[text](url)`)

docs/messaging/informational/30/adaptive-nodes.md
  1:1  error  Unexpected character `@` (U+0040) in name, expected a name character such as letters, digits, `$`, or `_`; whitespace before attributes; or the end of the tag (note: to create a link in MDX, use `[text](url)`)

docs/messaging/informational/README.md
  1:1  error  Error: mdast-util-to-nlcst expected parser
    at toNlcst (file:///home/fbarbu15/WORK_DIR/rfc-index/node_modules/mdast-util-to-nlcst/index.js:66:11)
    at file:///home/fbarbu15/WORK_DIR/rfc-index/node_modules/remark-retext/lib/index.js:74:21
    at wrapped (file:///home/fbarbu15/WORK_DIR/rfc-index/node_modules/trough/lib/index.js:160:27)
    at next (file:///home/fbarbu15/WORK_DIR/rfc-index/node_modules/trough/lib/index.js:86:23)
    at Object.run (file:///home/fbarbu15/WORK_DIR/rfc-index/node_modules/trough/lib/index.js:57:5)
    at executor (file:///home/fbarbu15/WORK_DIR/rfc-index/node_modules/remark/node_modules/unified/lib/index.js:321:20)
    at Function.run (file:///home/fbarbu15/WORK_DIR/rfc-index/node_modules/remark/node_modules/unified/lib/index.js:312:5)
    at transform (file:///home/fbarbu15/WORK_DIR/rfc-index/node_modules/unified-args/node_modules/unified-engine/lib/file-pipeline/transform.js:25:23)
    at wrapped (file:///home/fbarbu15/WORK_DIR/rfc-index/node_modules/trough/lib/index.js:160:27)
    at next (file:///home/fbarbu15/WORK_DIR/rfc-index/node_modules/trough/lib/index.js:86:23)

docs/messaging/standards/application/20/toy-eth-pm.md
  1:1  error  Unexpected character `@` (U+0040) in name, expected a name character such as letters, digits, `$`, or `_`; whitespace before attributes; or the end of the tag (note: to create a link in MDX, use `[text](url)`)

docs/messaging/standards/application/26/payload.md
  1:1  error  Unexpected character `@` (U+0040) in name, expected a name character such as letters, digits, `$`, or `_`; whitespace before attributes; or the end of the tag (note: to create a link in MDX, use `[text](url)`)

docs/messaging/standards/application/53/x3dh.md
  1:1  error  Unexpected character `@` (U+0040) in name, expected a name character such as letters, digits, `$`, or `_`; whitespace before attributes; or the end of the tag (note: to create a link in MDX, use `[text](url)`)

docs/messaging/standards/application/54/x3dh-sessions.md
  1:1  error  Unexpected character `@` (U+0040) in name, expected a name character such as letters, digits, `$`, or `_`; whitespace before attributes; or the end of the tag (note: to create a link in MDX, use `[text](url)`)

docs/messaging/standards/application/README.md
  1:1  error  Error: mdast-util-to-nlcst expected parser
    at toNlcst (file:///home/fbarbu15/WORK_DIR/rfc-index/node_modules/mdast-util-to-nlcst/index.js:66:11)
    at file:///home/fbarbu15/WORK_DIR/rfc-index/node_modules/remark-retext/lib/index.js:74:21
    at wrapped (file:///home/fbarbu15/WORK_DIR/rfc-index/node_modules/trough/lib/index.js:160:27)
    at next (file:///home/fbarbu15/WORK_DIR/rfc-index/node_modules/trough/lib/index.js:86:23)
    at Object.run (file:///home/fbarbu15/WORK_DIR/rfc-index/node_modules/trough/lib/index.js:57:5)
    at executor (file:///home/fbarbu15/WORK_DIR/rfc-index/node_modules/remark/node_modules/unified/lib/index.js:321:20)
    at Function.run (file:///home/fbarbu15/WORK_DIR/rfc-index/node_modules/remark/node_modules/unified/lib/index.js:312:5)
    at transform (file:///home/fbarbu15/WORK_DIR/rfc-index/node_modules/unified-args/node_modules/unified-engine/lib/file-pipeline/transform.js:25:23)
    at wrapped (file:///home/fbarbu15/WORK_DIR/rfc-index/node_modules/trough/lib/index.js:160:27)
    at next (file:///home/fbarbu15/WORK_DIR/rfc-index/node_modules/trough/lib/index.js:86:23)

docs/messaging/standards/core/10/waku2.md
  1:1  error  Unexpected character `!` (U+0021) before name, expected a character that can start a name, such as a letter, `$`, or `_` (note: to create a comment in MDX, use `{/* text */}`)

docs/messaging/standards/core/11/relay.md
  1:1  error  Unexpected character `!` (U+0021) before name, expected a character that can start a name, such as a letter, `$`, or `_` (note: to create a comment in MDX, use `{/* text */}`)

docs/messaging/standards/core/12/filter.md
  1:1  error  Unexpected character `!` (U+0021) before name, expected a character that can start a name, such as a letter, `$`, or `_` (note: to create a comment in MDX, use `{/* text */}`)

docs/messaging/standards/core/12/previous-versions/00/filter.md
  1:1  error  Unexpected character `!` (U+0021) before name, expected a character that can start a name, such as a letter, `$`, or `_` (note: to create a comment in MDX, use `{/* text */}`)

docs/messaging/standards/core/13/previous-versions/00/store.md
  1:1  error  Unexpected character `!` (U+0021) before name, expected a character that can start a name, such as a letter, `$`, or `_` (note: to create a comment in MDX, use `{/* text */}`)

docs/messaging/standards/core/13/store.md
  1:1  error  Unexpected character `!` (U+0021) before name, expected a character that can start a name, such as a letter, `$`, or `_` (note: to create a comment in MDX, use `{/* text */}`)

docs/messaging/standards/core/14/message.md
  1:1  error  Unexpected character `@` (U+0040) in name, expected a name character such as letters, digits, `$`, or `_`; whitespace before attributes; or the end of the tag (note: to create a link in MDX, use `[text](url)`)

docs/messaging/standards/core/15/bridge.md
  1:1  error  Unexpected character `@` (U+0040) in name, expected a name character such as letters, digits, `$`, or `_`; whitespace before attributes; or the end of the tag (note: to create a link in MDX, use `[text](url)`)

docs/messaging/standards/core/17/rln-relay.md
  1:1  error  Unexpected character `!` (U+0021) before name, expected a character that can start a name, such as a letter, `$`, or `_` (note: to create a comment in MDX, use `{/* text */}`)

docs/messaging/standards/core/19/lightpush.md
  1:1  error  Unexpected character `@` (U+0040) in name, expected a name character such as letters, digits, `$`, or `_`; whitespace before attributes; or the end of the tag (note: to create a link in MDX, use `[text](url)`)

docs/messaging/standards/core/31/enr.md
  1:1  error  Unexpected character `@` (U+0040) in name, expected a name character such as letters, digits, `$`, or `_`; whitespace before attributes; or the end of the tag (note: to create a link in MDX, use `[text](url)`)

docs/messaging/standards/core/33/discv5.md
  1:1  error  Unexpected character `@` (U+0040) in name, expected a name character such as letters, digits, `$`, or `_`; whitespace before attributes; or the end of the tag (note: to create a link in MDX, use `[text](url)`)

docs/messaging/standards/core/34/peer-exchange.md
  1:1  error  Unexpected character `@` (U+0040) in name, expected a name character such as letters, digits, `$`, or `_`; whitespace before attributes; or the end of the tag (note: to create a link in MDX, use `[text](url)`)

docs/messaging/standards/core/36/bindings-api.md
  1:1  error  Unexpected character `@` (U+0040) in name, expected a name character such as letters, digits, `$`, or `_`; whitespace before attributes; or the end of the tag (note: to create a link in MDX, use `[text](url)`)

docs/messaging/standards/core/64/network.md
  1:1  error  Unexpected character `@` (U+0040) in name, expected a name character such as letters, digits, `$`, or `_`; whitespace before attributes; or the end of the tag (note: to create a link in MDX, use `[text](url)`)

docs/messaging/standards/core/66/metadata.md
  1:1  error  Unexpected character `@` (U+0040) in name, expected a name character such as letters, digits, `$`, or `_`; whitespace before attributes; or the end of the tag (note: to create a link in MDX, use `[text](url)`)

docs/messaging/standards/core/README.md
  1:1  error  Error: mdast-util-to-nlcst expected parser
    at toNlcst (file:///home/fbarbu15/WORK_DIR/rfc-index/node_modules/mdast-util-to-nlcst/index.js:66:11)
    at file:///home/fbarbu15/WORK_DIR/rfc-index/node_modules/remark-retext/lib/index.js:74:21
    at wrapped (file:///home/fbarbu15/WORK_DIR/rfc-index/node_modules/trough/lib/index.js:160:27)
    at next (file:///home/fbarbu15/WORK_DIR/rfc-index/node_modules/trough/lib/index.js:86:23)
    at Object.run (file:///home/fbarbu15/WORK_DIR/rfc-index/node_modules/trough/lib/index.js:57:5)
    at executor (file:///home/fbarbu15/WORK_DIR/rfc-index/node_modules/remark/node_modules/unified/lib/index.js:321:20)
    at Function.run (file:///home/fbarbu15/WORK_DIR/rfc-index/node_modules/remark/node_modules/unified/lib/index.js:312:5)
    at transform (file:///home/fbarbu15/WORK_DIR/rfc-index/node_modules/unified-args/node_modules/unified-engine/lib/file-pipeline/transform.js:25:23)
    at wrapped (file:///home/fbarbu15/WORK_DIR/rfc-index/node_modules/trough/lib/index.js:160:27)
    at next (file:///home/fbarbu15/WORK_DIR/rfc-index/node_modules/trough/lib/index.js:86:23)

docs/messaging/standards/legacy/6/waku1.md
  1:1  error  Unexpected character `@` (U+0040) in name, expected a name character such as letters, digits, `$`, or `_`; whitespace before attributes; or the end of the tag (note: to create a link in MDX, use `[text](url)`)

docs/messaging/standards/legacy/7/data.md
  1:1  error  Unexpected character `@` (U+0040) in name, expected a name character such as letters, digits, `$`, or `_`; whitespace before attributes; or the end of the tag (note: to create a link in MDX, use `[text](url)`)

docs/messaging/standards/legacy/8/mail.md
  1:1  error  Unexpected character `@` (U+0040) in name, expected a name character such as letters, digits, `$`, or `_`; whitespace before attributes; or the end of the tag (note: to create a link in MDX, use `[text](url)`)

docs/messaging/standards/legacy/9/rpc.md
  1:1  error  Unexpected character `@` (U+0040) in name, expected a name character such as letters, digits, `$`, or `_`; whitespace before attributes; or the end of the tag (note: to create a link in MDX, use `[text](url)`)

docs/messaging/standards/legacy/README.md
  1:1  error  Error: mdast-util-to-nlcst expected parser
    at toNlcst (file:///home/fbarbu15/WORK_DIR/rfc-index/node_modules/mdast-util-to-nlcst/index.js:66:11)
    at file:///home/fbarbu15/WORK_DIR/rfc-index/node_modules/remark-retext/lib/index.js:74:21
    at wrapped (file:///home/fbarbu15/WORK_DIR/rfc-index/node_modules/trough/lib/index.js:160:27)
    at next (file:///home/fbarbu15/WORK_DIR/rfc-index/node_modules/trough/lib/index.js:86:23)
    at Object.run (file:///home/fbarbu15/WORK_DIR/rfc-index/node_modules/trough/lib/index.js:57:5)
    at executor (file:///home/fbarbu15/WORK_DIR/rfc-index/node_modules/remark/node_modules/unified/lib/index.js:321:20)
    at Function.run (file:///home/fbarbu15/WORK_DIR/rfc-index/node_modules/remark/node_modules/unified/lib/index.js:312:5)
    at transform (file:///home/fbarbu15/WORK_DIR/rfc-index/node_modules/unified-args/node_modules/unified-engine/lib/file-pipeline/transform.js:25:23)
    at wrapped (file:///home/fbarbu15/WORK_DIR/rfc-index/node_modules/trough/lib/index.js:160:27)
    at next (file:///home/fbarbu15/WORK_DIR/rfc-index/node_modules/trough/lib/index.js:86:23)

docs/storage/README.md
  1:1  error  TypeError: Cannot read properties of undefined (reading 'mdxJsxTagStack')
    at Object.enterMdxJsxTag (file:///home/fbarbu15/WORK_DIR/rfc-index/node_modules/mdast-util-mdx-jsx/lib/index.js:161:20)
    at compile (file:///home/fbarbu15/WORK_DIR/rfc-index/node_modules/remark-parse/node_modules/mdast-util-from-markdown/lib/index.js:352:40)
    at fromMarkdown (file:///home/fbarbu15/WORK_DIR/rfc-index/node_modules/remark-parse/node_modules/mdast-util-from-markdown/lib/index.js:187:29)
    at parser (file:///home/fbarbu15/WORK_DIR/rfc-index/node_modules/remark-parse/lib/index.js:18:12)
    at Function.parse (file:///home/fbarbu15/WORK_DIR/rfc-index/node_modules/remark/node_modules/unified/lib/index.js:273:12)
    at parse (file:///home/fbarbu15/WORK_DIR/rfc-index/node_modules/unified-args/node_modules/unified-engine/lib/file-pipeline/parse.js:50:36)
    at wrapped (file:///home/fbarbu15/WORK_DIR/rfc-index/node_modules/trough/lib/index.js:160:27)
    at next (file:///home/fbarbu15/WORK_DIR/rfc-index/node_modules/trough/lib/index.js:86:23)
    at done (file:///home/fbarbu15/WORK_DIR/rfc-index/node_modules/trough/lib/index.js:194:7)
    at file:///home/fbarbu15/WORK_DIR/rfc-index/node_modules/unified-args/node_modules/unified-engine/lib/file-pipeline/read.js:42:7

docs/storage/raw/README.md
  1:1  error  Error: mdast-util-to-nlcst expected parser
    at toNlcst (file:///home/fbarbu15/WORK_DIR/rfc-index/node_modules/mdast-util-to-nlcst/index.js:66:11)
    at file:///home/fbarbu15/WORK_DIR/rfc-index/node_modules/remark-retext/lib/index.js:74:21
    at wrapped (file:///home/fbarbu15/WORK_DIR/rfc-index/node_modules/trough/lib/index.js:160:27)
    at next (file:///home/fbarbu15/WORK_DIR/rfc-index/node_modules/trough/lib/index.js:86:23)
    at Object.run (file:///home/fbarbu15/WORK_DIR/rfc-index/node_modules/trough/lib/index.js:57:5)
    at executor (file:///home/fbarbu15/WORK_DIR/rfc-index/node_modules/remark/node_modules/unified/lib/index.js:321:20)
    at Function.run (file:///home/fbarbu15/WORK_DIR/rfc-index/node_modules/remark/node_modules/unified/lib/index.js:312:5)
    at transform (file:///home/fbarbu15/WORK_DIR/rfc-index/node_modules/unified-args/node_modules/unified-engine/lib/file-pipeline/transform.js:25:23)
    at wrapped (file:///home/fbarbu15/WORK_DIR/rfc-index/node_modules/trough/lib/index.js:160:27)
    at next (file:///home/fbarbu15/WORK_DIR/rfc-index/node_modules/trough/lib/index.js:86:23)

docs/storage/raw/codex-block-exchange.md
  1:1  error  Unexpected character `/` (U+002F) before local name, expected a character that can start a name, such as a letter, `$`, or `_` (note: to create a link in MDX, use `[text](url)`)

docs/storage/raw/codex-marketplace.md
  1:1  error  Unexpected character `@` (U+0040) in name, expected a name character such as letters, digits, `$`, or `_`; whitespace before attributes; or the end of the tag (note: to create a link in MDX, use `[text](url)`)

docs/storage/raw/codex-merkle-tree.md
  1:1  error  Unexpected character `@` (U+0040) in name, expected a name character such as letters, digits, `$`, or `_`; whitespace before attributes; or the end of the tag (note: to create a link in MDX, use `[text](url)`)

docs/storage/raw/codex-prover.md
  1:1  error  Unexpected character `@` (U+0040) in name, expected a name character such as letters, digits, `$`, or `_`; whitespace before attributes; or the end of the tag (note: to create a link in MDX, use `[text](url)`)

docs/storage/raw/codex-store.md
  1:1  error  Unexpected character `@` (U+0040) in name, expected a name character such as letters, digits, `$`, or `_`; whitespace before attributes; or the end of the tag (note: to create a link in MDX, use `[text](url)`)

docs/storage/raw/community-history.md
  1:1  error  Unexpected character `@` (U+0040) in name, expected a name character such as letters, digits, `$`, or `_`; whitespace before attributes; or the end of the tag (note: to create a link in MDX, use `[text](url)`)

docs/storage/raw/dht.md
  1:1  error  Unexpected character `@` (U+0040) in name, expected a name character such as letters, digits, `$`, or `_`; whitespace before attributes; or the end of the tag (note: to create a link in MDX, use `[text](url)`)

docs/storage/raw/erasure-coding.md
  1:1  error  TypeError: Cannot set properties of undefined (setting 'inTable')
    at Object.enterTable (file:///home/fbarbu15/WORK_DIR/rfc-index/node_modules/@1stg/remark-preset/node_modules/mdast-util-gfm-table/lib/index.js:78:21)
    at compile (file:///home/fbarbu15/WORK_DIR/rfc-index/node_modules/remark-parse/node_modules/mdast-util-from-markdown/lib/index.js:352:40)
    at fromMarkdown (file:///home/fbarbu15/WORK_DIR/rfc-index/node_modules/remark-parse/node_modules/mdast-util-from-markdown/lib/index.js:187:29)
    at parser (file:///home/fbarbu15/WORK_DIR/rfc-index/node_modules/remark-parse/lib/index.js:18:12)
    at Function.parse (file:///home/fbarbu15/WORK_DIR/rfc-index/node_modules/remark/node_modules/unified/lib/index.js:273:12)
    at parse (file:///home/fbarbu15/WORK_DIR/rfc-index/node_modules/unified-args/node_modules/unified-engine/lib/file-pipeline/parse.js:50:36)
    at wrapped (file:///home/fbarbu15/WORK_DIR/rfc-index/node_modules/trough/lib/index.js:160:27)
    at next (file:///home/fbarbu15/WORK_DIR/rfc-index/node_modules/trough/lib/index.js:86:23)
    at done (file:///home/fbarbu15/WORK_DIR/rfc-index/node_modules/trough/lib/index.js:194:7)
    at file:///home/fbarbu15/WORK_DIR/rfc-index/node_modules/unified-args/node_modules/unified-engine/lib/file-pipeline/read.js:42:7

docs/storage/raw/slot-buIlder.md
  1:1  error  Unexpected character `@` (U+0040) in name, expected a name character such as letters, digits, `$`, or `_`; whitespace before attributes; or the end of the tag (note: to create a link in MDX, use `[text](url)`)

✖ 138 errors